kotlin version: 2.1.0
error message: org.jetbrains.kotlin.backend.common.CompilationException: Back-end: Please report this problem https://kotl.in/issue
D:/VoiceTextProject/android-keyboard/java/src/org/futo/inputmethod/latin/uix/ImportResourceActivity.kt:-1:-1
Details: Internal error in file lowering: java.lang.AssertionError: Error occurred while optimizing an expression:
CALL 'public final fun toUInt (): kotlin.UInt [inline] declared in kotlin.UIntKt' type=kotlin.UInt origin=null
  $receiver: CONST Int type=kotlin.Int value=1819109223

	at org.jetbrains.kotlin.ir.interpreter.transformer.IrConstEvaluationContext.interpret(IrConstEvaluationContext.kt:86)
	at org.jetbrains.kotlin.ir.interpreter.transformer.IrConstExpressionTransformer.visitCall(IrConstExpressionTransformer.kt:40)
	at org.jetbrains.kotlin.ir.interpreter.transformer.IrConstExpressionTransformer.visitCall(IrConstExpressionTransformer.kt:24)
	at org.jetbrains.kotlin.ir.expressions.IrCall.accept(IrCall.kt:24)
	at org.jetbrains.kotlin.ir.expressions.IrExpression.transform(IrExpression.kt:24)
	at org.jetbrains.kotlin.ir.declarations.IrVariable.transformChildren(IrVariable.kt:43)
	at org.jetbrains.kotlin.ir.visitors.IrElementTransformer$DefaultImpls.visitDeclaration(IrElementTransformer.kt:31)
	at org.jetbrains.kotlin.ir.visitors.IrTransformer.visitDeclaration(IrTransformer.kt:14)
	at org.jetbrains.kotlin.ir.visitors.IrElementTransformer$DefaultImpls.visitVariable(IrElementTransformer.kt:83)
	at org.jetbrains.kotlin.ir.visitors.IrTransformer.visitVariable(IrTransformer.kt:14)
	at org.jetbrains.kotlin.ir.visitors.IrTransformer.visitVariable(IrTransformer.kt:14)
	at org.jetbrains.kotlin.ir.declarations.IrVariable.accept(IrVariable.kt:36)
	at org.jetbrains.kotlin.ir.IrElementBase.transform(IrElementBase.kt:33)
	at org.jetbrains.kotlin.ir.util.TransformKt.transformInPlace(transform.kt:35)
	at org.jetbrains.kotlin.ir.expressions.IrBlockBody.transformChildren(IrBlockBody.kt:27)
	at org.jetbrains.kotlin.ir.visitors.IrElementTransformer$DefaultImpls.visitBody(IrElementTransformer.kt:104)
	at org.jetbrains.kotlin.ir.visitors.IrTransformer.visitBody(IrTransformer.kt:14)
	at org.jetbrains.kotlin.ir.visitors.IrElementTransformer$DefaultImpls.visitBlockBody(IrElementTransformer.kt:112)
	at org.jetbrains.kotlin.ir.visitors.IrTransformer.visitBlockBody(IrTransformer.kt:14)
	at org.jetbrains.kotlin.ir.visitors.IrTransformer.visitBlockBody(IrTransformer.kt:14)
	at org.jetbrains.kotlin.ir.expressions.IrBlockBody.accept(IrBlockBody.kt:20)
	at org.jetbrains.kotlin.ir.expressions.IrBody.transform(IrBody.kt:20)
	at org.jetbrains.kotlin.ir.declarations.IrFunction.transformChildren(IrFunction.kt:65)
	at org.jetbrains.kotlin.ir.visitors.IrElementTransformer$DefaultImpls.visitDeclaration(IrElementTransformer.kt:31)
	at org.jetbrains.kotlin.ir.visitors.IrTransformer.visitDeclaration(IrTransformer.kt:14)
	at org.jetbrains.kotlin.ir.visitors.IrElementTransformer$DefaultImpls.visitFunction(IrElementTransformer.kt:48)
	at org.jetbrains.kotlin.ir.visitors.IrTransformer.visitFunction(IrTransformer.kt:14)
	at org.jetbrains.kotlin.ir.interpreter.transformer.IrConstExpressionTransformer.visitFunction(IrConstExpressionTransformer.kt:35)
	at org.jetbrains.kotlin.ir.interpreter.transformer.IrConstExpressionTransformer.visitFunction(IrConstExpressionTransformer.kt:24)
	at org.jetbrains.kotlin.ir.visitors.IrElementTransformer$DefaultImpls.visitSimpleFunction(IrElementTransformer.kt:77)
	at org.jetbrains.kotlin.ir.visitors.IrTransformer.visitSimpleFunction(IrTransformer.kt:14)
	at org.jetbrains.kotlin.ir.visitors.IrTransformer.visitSimpleFunction(IrTransformer.kt:14)
	at org.jetbrains.kotlin.ir.declarations.IrSimpleFunction.accept(IrSimpleFunction.kt:39)
	at org.jetbrains.kotlin.ir.IrElementBase.transform(IrElementBase.kt:33)
	at org.jetbrains.kotlin.ir.util.TransformKt.transformInPlace(transform.kt:35)
	at org.jetbrains.kotlin.ir.declarations.IrFile.transformChildren(IrFile.kt:38)
	at org.jetbrains.kotlin.ir.visitors.IrElementTransformer$DefaultImpls.visitFile(IrElementTransformer.kt:94)
	at org.jetbrains.kotlin.ir.visitors.IrTransformer.visitFile(IrTransformer.kt:14)
	at org.jetbrains.kotlin.ir.visitors.IrTransformer.visitFile(IrTransformer.kt:14)
	at org.jetbrains.kotlin.ir.declarations.IrFile.accept(IrFile.kt:28)
	at org.jetbrains.kotlin.ir.declarations.IrFile.transform(IrFile.kt:31)
	at org.jetbrains.kotlin.ir.interpreter.transformer.IrConstTransformerKt.runConstOptimizations(IrConstTransformer.kt:77)
	at org.jetbrains.kotlin.backend.common.lower.ConstEvaluationLowering.lower(ConstEvaluationLowering.kt:36)
	at org.jetbrains.kotlin.backend.common.FileLoweringPass.lower(Lower.kt:42)
	at org.jetbrains.kotlin.backend.common.phaser.PhaseBuildersKt.makeIrModulePhase$lambda$5(PhaseBuilders.kt:110)
	at org.jetbrains.kotlin.backend.common.phaser.PhaseBuildersKt$createSimpleNamedCompilerPhase$1.phaseBody(PhaseBuilders.kt:69)
	at org.jetbrains.kotlin.backend.common.phaser.SimpleNamedCompilerPhase.phaseBody(CompilerPhase.kt:226)
	at org.jetbrains.kotlin.backend.common.phaser.AbstractNamedCompilerPhase.invoke(CompilerPhase.kt:113)
	at org.jetbrains.kotlin.backend.common.phaser.CompositePhase.invoke(PhaseBuilders.kt:27)
	at org.jetbrains.kotlin.backend.common.phaser.CompositePhase.invoke(PhaseBuilders.kt:14)
	at org.jetbrains.kotlin.backend.common.phaser.NamedCompilerPhase.phaseBody(CompilerPhase.kt:166)
	at org.jetbrains.kotlin.backend.common.phaser.AbstractNamedCompilerPhase.invoke(CompilerPhase.kt:113)
	at org.jetbrains.kotlin.backend.common.phaser.CompilerPhaseKt.invokeToplevel(CompilerPhase.kt:62)
	at org.jetbrains.kotlin.backend.jvm.JvmIrCodegenFactory.invokeLowerings(JvmIrCodegenFactory.kt:358)
	at org.jetbrains.kotlin.codegen.CodegenFactory.generateModule(CodegenFactory.kt:46)
	at org.jetbrains.kotlin.backend.jvm.JvmIrCodegenFactory.generateModuleInFrontendIRMode(JvmIrCodegenFactory.kt:433)
	at org.jetbrains.kotlin.cli.jvm.compiler.pipeline.JvmCompilerPipelineKt.generateCodeFromIr(jvmCompilerPipeline.kt:192)
	at org.jetbrains.kotlin.cli.jvm.compiler.pipeline.JvmCompilerPipelineKt.runBackend(jvmCompilerPipeline.kt:80)
	at org.jetbrains.kotlin.cli.jvm.compiler.pipeline.JvmCompilerPipelineLightTreeKt.compileModule(jvmCompilerPipelineLightTree.kt:264)
	at org.jetbrains.kotlin.cli.jvm.compiler.pipeline.JvmCompilerPipelineLightTreeKt.compileSingleModuleUsingFrontendIrAndLightTree(jvmCompilerPipelineLightTree.kt:231)
	at org.jetbrains.kotlin.cli.jvm.compiler.pipeline.JvmCompilerPipelineLightTreeKt.compileModulesUsingFrontendIrAndLightTree(jvmCompilerPipelineLightTree.kt:86)
	at org.jetbrains.kotlin.cli.jvm.K2JVMCompiler.doExecute(K2JVMCompiler.kt:146)
	at org.jetbrains.kotlin.cli.jvm.K2JVMCompiler.doExecute(K2JVMCompiler.kt:43)
	at org.jetbrains.kotlin.cli.common.CLICompiler.execImpl(CLICompiler.kt:102)
	at org.jetbrains.kotlin.cli.common.CLICompiler.exec(CLICompiler.kt:316)
	at org.jetbrains.kotlin.incremental.IncrementalJvmCompilerRunner.runCompiler(IncrementalJvmCompilerRunner.kt:464)
	at org.jetbrains.kotlin.incremental.IncrementalJvmCompilerRunner.runCompiler(IncrementalJvmCompilerRunner.kt:73)
	at org.jetbrains.kotlin.incremental.IncrementalCompilerRunner.doCompile(IncrementalCompilerRunner.kt:506)
	at org.jetbrains.kotlin.incremental.IncrementalCompilerRunner.compileImpl(IncrementalCompilerRunner.kt:423)
	at org.jetbrains.kotlin.incremental.IncrementalCompilerRunner.compileNonIncrementally(IncrementalCompilerRunner.kt:301)
	at org.jetbrains.kotlin.incremental.IncrementalCompilerRunner.compile(IncrementalCompilerRunner.kt:129)
	at org.jetbrains.kotlin.daemon.CompileServiceImplBase.execIncrementalCompiler(CompileServiceImpl.kt:674)
	at org.jetbrains.kotlin.daemon.CompileServiceImplBase.access$execIncrementalCompiler(CompileServiceImpl.kt:91)
	at org.jetbrains.kotlin.daemon.CompileServiceImpl.compile(CompileServiceImpl.kt:1659)
	at java.base/jdk.internal.reflect.NativeMethodAccessorImpl.invoke0(Native Method)
	at java.base/jdk.internal.reflect.NativeMethodAccessorImpl.invoke(NativeMethodAccessorImpl.java:77)
	at java.base/jdk.internal.reflect.DelegatingMethodAccessorImpl.invoke(DelegatingMethodAccessorImpl.java:43)
	at java.base/java.lang.reflect.Method.invoke(Method.java:569)
	at java.rmi/sun.rmi.server.UnicastServerRef.dispatch(UnicastServerRef.java:360)
	at java.rmi/sun.rmi.transport.Transport$1.run(Transport.java:200)
	at java.rmi/sun.rmi.transport.Transport$1.run(Transport.java:197)
	at java.base/java.security.AccessController.doPrivileged(AccessController.java:712)
	at java.rmi/sun.rmi.transport.Transport.serviceCall(Transport.java:196)
	at java.rmi/sun.rmi.transport.tcp.TCPTransport.handleMessages(TCPTransport.java:587)
	at java.rmi/sun.rmi.transport.tcp.TCPTransport$ConnectionHandler.run0(TCPTransport.java:828)
	at java.rmi/sun.rmi.transport.tcp.TCPTransport$ConnectionHandler.lambda$run$0(TCPTransport.java:705)
	at java.base/java.security.AccessController.doPrivileged(AccessController.java:399)
	at java.rmi/sun.rmi.transport.tcp.TCPTransport$ConnectionHandler.run(TCPTransport.java:704)
	at java.base/java.util.concurrent.ThreadPoolExecutor.runWorker(ThreadPoolExecutor.java:1136)
	at java.base/java.util.concurrent.ThreadPoolExecutor$Worker.run(ThreadPoolExecutor.java:635)
	at java.base/java.lang.Thread.run(Thread.java:840)
Caused by: java.lang.AssertionError: Error occurred while optimizing an expression:
CALL 'public final fun toUInt (): kotlin.UInt [inline] declared in kotlin.UIntKt' type=kotlin.UInt origin=null
  $receiver: CONST Int type=kotlin.Int value=1819109223

	... 91 more
Caused by: org.jetbrains.kotlin.ir.interpreter.exceptions.InterpreterMethodNotFoundError: Unknown function: toUInt(kotlin.Int)
	at org.jetbrains.kotlin.ir.interpreter.builtins.IrBuiltInsMapGeneratedKt.interpretUnaryFunction(IrBuiltInsMapGenerated.kt:193)
	at org.jetbrains.kotlin.ir.interpreter.DefaultCallInterceptor.interpretBuiltinFunction(CallInterceptor.kt:177)
	at org.jetbrains.kotlin.ir.interpreter.DefaultCallInterceptor.calculateBuiltIns(CallInterceptor.kt:167)
	at org.jetbrains.kotlin.ir.interpreter.DefaultCallInterceptor.interceptCall(CallInterceptor.kt:72)
	at org.jetbrains.kotlin.ir.interpreter.IrInterpreter.interpretCall(IrInterpreter.kt:198)
	at org.jetbrains.kotlin.ir.interpreter.IrInterpreter.interpret(IrInterpreter.kt:94)
	at org.jetbrains.kotlin.ir.interpreter.IrInterpreter.handle(IrInterpreter.kt:53)
	at org.jetbrains.kotlin.ir.interpreter.IrInterpreter.interpret(IrInterpreter.kt:64)
	at org.jetbrains.kotlin.ir.interpreter.transformer.IrConstEvaluationContext.interpret(IrConstEvaluationContext.kt:80)
	... 90 more


